client/src/backups/ui_v0.8_20251221/components/admin/AdminSidebar.tsx(113,27): error TS2322: Type 'string' is not assignable to type 'never'.
client/src/backups/ui_v0.8_20251221/components/admin/DashboardTab_PageVersion.tsx(10,30): error TS2307: Cannot find module './types' or its corresponding type declarations.
client/src/backups/ui_v0.8_20251221/components/admin/DynamicAdminNav.tsx(12,134): error TS2307: Cannot find module '@/components/ui/andara-icons' or its corresponding type declarations.
client/src/backups/ui_v0.8_20251221/components/admin/modals/ProductEditorModal.tsx(10,44): error TS2305: Module '"@/types/admin"' has no exported member 'ScienceArticle'.
client/src/backups/ui_v0.8_20251221/components/admin/modals/ProductEditorModal.tsx(419,40): error TS7006: Parameter 'id' implicitly has an 'any' type.
client/src/backups/ui_v0.8_20251221/components/admin/tabs/DesignTokensTab.tsx(56,28): error TS2345: Argument of type '{}' is not assignable to parameter of type 'SetStateAction<DesignTokenSet | null>'.
client/src/backups/ui_v0.8_20251221/components/admin/tabs/DocumentsTab.tsx(168,17): error TS2339: Property 'zone' does not exist on type 'Document'.
client/src/backups/ui_v0.8_20251221/components/admin/tabs/SettingsTab.tsx(16,34): error TS2307: Cannot find module '@/components/admin/settings/RedirectsManager' or its corresponding type declarations.
client/src/backups/ui_v0.8_20251221/components/admin/tabs/SettingsTab.tsx(32,45): error TS2307: Cannot find module '@/components/admin/modals/UniversalAgentSettingsModal' or its corresponding type declarations.
client/src/backups/ui_v0.8_20251221/components/admin/tabs/workflow/ActiveWorkflowView.tsx(11,15): error TS2305: Module '"@/types/admin"' has no exported member 'WorkflowExecution'.
client/src/backups/ui_v0.8_20251221/components/admin/tabs/workflow/ActiveWorkflowView.tsx(11,34): error TS2305: Module '"@/types/admin"' has no exported member 'WorkflowStepStatus'.
client/src/backups/ui_v0.8_20251221/components/admin/tabs/workflow/ActiveWorkflowView.tsx(117,45): error TS7006: Parameter 'step' implicitly has an 'any' type.
client/src/backups/ui_v0.8_20251221/components/admin/tabs/workflow/ActiveWorkflowView.tsx(117,51): error TS7006: Parameter 'idx' implicitly has an 'any' type.
client/src/backups/ui_v0.8_20251221/components/admin/tabs/workflow/ActiveWorkflowView.tsx(203,43): error TS7006: Parameter 's' implicitly has an 'any' type.
client/src/backups/ui_v0.8_20251221/components/admin/tabs/workflow/ActiveWorkflowView.tsx(203,77): error TS7006: Parameter 'step' implicitly has an 'any' type.
client/src/backups/ui_v0.8_20251221/components/admin/tabs/workflow/ActiveWorkflowView.tsx(203,83): error TS7006: Parameter 'i' implicitly has an 'any' type.
client/src/backups/ui_v0.8_20251221/components/admin/tabs/WorkflowsTab.tsx(25,15): error TS2305: Module '"@/types/admin"' has no exported member 'WorkflowExecution'.
client/src/backups/ui_v0.8_20251221/components/admin/tabs/WorkflowsTab.tsx(25,34): error TS2305: Module '"@/types/admin"' has no exported member 'WorkflowTemplate'.
client/src/backups/ui_v0.8_20251221/components/admin/tabs/WorkflowsTab.tsx(25,52): error TS2305: Module '"@/types/admin"' has no exported member 'WorkflowStepStatus'.
client/src/backups/ui_v0.8_20251221/components/admin/tabs_backup_20251220_183530/DesignTokensTab.tsx(56,28): error TS2345: Argument of type '{}' is not assignable to parameter of type 'SetStateAction<DesignTokenSet | null>'.
client/src/backups/ui_v0.8_20251221/components/admin/tabs_backup_20251220_183530/DocumentsTab.tsx(168,17): error TS2339: Property 'zone' does not exist on type 'Document'.
client/src/backups/ui_v0.8_20251221/components/admin/tabs_backup_20251220_183530/SettingsTab.tsx(16,34): error TS2307: Cannot find module '@/components/admin/settings/RedirectsManager' or its corresponding type declarations.
client/src/backups/ui_v0.8_20251221/components/admin/tabs_backup_20251220_183530/SettingsTab.tsx(32,45): error TS2307: Cannot find module '@/components/admin/modals/UniversalAgentSettingsModal' or its corresponding type declarations.
client/src/backups/ui_v0.8_20251221/components/admin/tabs_backup_20251220_183530/workflow/ActiveWorkflowView.tsx(11,15): error TS2305: Module '"@/types/admin"' has no exported member 'WorkflowExecution'.
client/src/backups/ui_v0.8_20251221/components/admin/tabs_backup_20251220_183530/workflow/ActiveWorkflowView.tsx(11,34): error TS2305: Module '"@/types/admin"' has no exported member 'WorkflowStepStatus'.
client/src/backups/ui_v0.8_20251221/components/admin/tabs_backup_20251220_183530/workflow/ActiveWorkflowView.tsx(117,45): error TS7006: Parameter 'step' implicitly has an 'any' type.
client/src/backups/ui_v0.8_20251221/components/admin/tabs_backup_20251220_183530/workflow/ActiveWorkflowView.tsx(117,51): error TS7006: Parameter 'idx' implicitly has an 'any' type.
client/src/backups/ui_v0.8_20251221/components/admin/tabs_backup_20251220_183530/workflow/ActiveWorkflowView.tsx(203,43): error TS7006: Parameter 's' implicitly has an 'any' type.
client/src/backups/ui_v0.8_20251221/components/admin/tabs_backup_20251220_183530/workflow/ActiveWorkflowView.tsx(203,77): error TS7006: Parameter 'step' implicitly has an 'any' type.
client/src/backups/ui_v0.8_20251221/components/admin/tabs_backup_20251220_183530/workflow/ActiveWorkflowView.tsx(203,83): error TS7006: Parameter 'i' implicitly has an 'any' type.
client/src/backups/ui_v0.8_20251221/components/admin/tabs_backup_20251220_183530/WorkflowsTab.tsx(25,15): error TS2305: Module '"@/types/admin"' has no exported member 'WorkflowExecution'.
client/src/backups/ui_v0.8_20251221/components/admin/tabs_backup_20251220_183530/WorkflowsTab.tsx(25,34): error TS2305: Module '"@/types/admin"' has no exported member 'WorkflowTemplate'.
client/src/backups/ui_v0.8_20251221/components/admin/tabs_backup_20251220_183530/WorkflowsTab.tsx(25,52): error TS2305: Module '"@/types/admin"' has no exported member 'WorkflowStepStatus'.
client/src/components/admin/AdminSidebar.tsx(118,27): error TS2322: Type 'string' is not assignable to type 'never'.
client/src/components/admin/DynamicAdminNav.tsx(12,134): error TS2307: Cannot find module '@/components/ui/andara-icons' or its corresponding type declarations.
client/src/components/admin/tabs/ConstellationTab.tsx(130,21): error TS2322: Type 'number | undefined' is not assignable to type 'number'.
  Type 'undefined' is not assignable to type 'number'.
client/src/components/admin/tabs/ConstellationTab.tsx(131,21): error TS2322: Type 'number | undefined' is not assignable to type 'number'.
  Type 'undefined' is not assignable to type 'number'.
client/src/components/admin/tabs/ConstellationTab.tsx(133,21): error TS2322: Type 'number | undefined' is not assignable to type 'number'.
  Type 'undefined' is not assignable to type 'number'.
client/src/components/admin/tabs/ConstellationTab.tsx(134,21): error TS2322: Type 'number | undefined' is not assignable to type 'number'.
  Type 'undefined' is not assignable to type 'number'.
client/src/components/admin/tabs/ConstellationTab.tsx(148,18): error TS2741: Property 'args' is missing in type '{ attach: string; count: number; array: Float32Array; itemSize: number; }' but required in type 'Mutable<Overwrite<Partial<Overwrite<BufferAttribute, MathProps<BufferAttribute> & ReactProps<BufferAttribute>>>, Omit<...>>>'.
client/src/components/admin/tabs/DesignSystemTab.tsx(707,38): error TS2304: Cannot find name 'HexagonalLatticeDraw'.
client/src/components/admin/tabs/DesignTokensTab.tsx(56,28): error TS2345: Argument of type '{}' is not assignable to parameter of type 'SetStateAction<DesignTokenSet | null>'.
client/src/components/admin/tabs/DocumentsTab.tsx(168,17): error TS2339: Property 'zone' does not exist on type 'Document'.
client/src/components/admin/tabs/PageLayoutSettings.tsx(133,30): error TS2552: Cannot find name 'CheckCircle'. Did you mean 'CheckCircle2'?
client/src/components/admin/tabs/workflow/ActiveWorkflowView.tsx(11,15): error TS2305: Module '"@/types/admin"' has no exported member 'WorkflowExecution'.
client/src/components/admin/tabs/workflow/ActiveWorkflowView.tsx(11,34): error TS2305: Module '"@/types/admin"' has no exported member 'WorkflowStepStatus'.
client/src/components/admin/tabs/workflow/ActiveWorkflowView.tsx(117,45): error TS7006: Parameter 'step' implicitly has an 'any' type.
client/src/components/admin/tabs/workflow/ActiveWorkflowView.tsx(117,51): error TS7006: Parameter 'idx' implicitly has an 'any' type.
client/src/components/admin/tabs/workflow/ActiveWorkflowView.tsx(203,43): error TS7006: Parameter 's' implicitly has an 'any' type.
client/src/components/admin/tabs/workflow/ActiveWorkflowView.tsx(203,77): error TS7006: Parameter 'step' implicitly has an 'any' type.
client/src/components/admin/tabs/workflow/ActiveWorkflowView.tsx(203,83): error TS7006: Parameter 'i' implicitly has an 'any' type.
client/src/components/admin/tabs/WorkflowsTab.tsx(25,15): error TS2305: Module '"@/types/admin"' has no exported member 'WorkflowExecution'.
client/src/components/admin/tabs/WorkflowsTab.tsx(25,34): error TS2305: Module '"@/types/admin"' has no exported member 'WorkflowTemplate'.
client/src/components/admin/tabs/WorkflowsTab.tsx(25,52): error TS2305: Module '"@/types/admin"' has no exported member 'WorkflowStepStatus'.
client/src/components/admin/tabs_backup_20251220_183530/DesignTokensTab.tsx(56,28): error TS2345: Argument of type '{}' is not assignable to parameter of type 'SetStateAction<DesignTokenSet | null>'.
client/src/components/admin/tabs_backup_20251220_183530/DocumentsTab.tsx(168,17): error TS2339: Property 'zone' does not exist on type 'Document'.
client/src/components/admin/tabs_backup_20251220_183530/SettingsTab.tsx(16,34): error TS2307: Cannot find module '@/components/admin/settings/RedirectsManager' or its corresponding type declarations.
client/src/components/admin/tabs_backup_20251220_183530/SettingsTab.tsx(32,45): error TS2307: Cannot find module '@/components/admin/modals/UniversalAgentSettingsModal' or its corresponding type declarations.
client/src/components/admin/tabs_backup_20251220_183530/workflow/ActiveWorkflowView.tsx(11,15): error TS2305: Module '"@/types/admin"' has no exported member 'WorkflowExecution'.
client/src/components/admin/tabs_backup_20251220_183530/workflow/ActiveWorkflowView.tsx(11,34): error TS2305: Module '"@/types/admin"' has no exported member 'WorkflowStepStatus'.
client/src/components/admin/tabs_backup_20251220_183530/workflow/ActiveWorkflowView.tsx(117,45): error TS7006: Parameter 'step' implicitly has an 'any' type.
client/src/components/admin/tabs_backup_20251220_183530/workflow/ActiveWorkflowView.tsx(117,51): error TS7006: Parameter 'idx' implicitly has an 'any' type.
client/src/components/admin/tabs_backup_20251220_183530/workflow/ActiveWorkflowView.tsx(203,43): error TS7006: Parameter 's' implicitly has an 'any' type.
client/src/components/admin/tabs_backup_20251220_183530/workflow/ActiveWorkflowView.tsx(203,77): error TS7006: Parameter 'step' implicitly has an 'any' type.
client/src/components/admin/tabs_backup_20251220_183530/workflow/ActiveWorkflowView.tsx(203,83): error TS7006: Parameter 'i' implicitly has an 'any' type.
client/src/components/admin/tabs_backup_20251220_183530/WorkflowsTab.tsx(25,15): error TS2305: Module '"@/types/admin"' has no exported member 'WorkflowExecution'.
client/src/components/admin/tabs_backup_20251220_183530/WorkflowsTab.tsx(25,34): error TS2305: Module '"@/types/admin"' has no exported member 'WorkflowTemplate'.
client/src/components/admin/tabs_backup_20251220_183530/WorkflowsTab.tsx(25,52): error TS2305: Module '"@/types/admin"' has no exported member 'WorkflowStepStatus'.
client/src/components/design/LiquidAlchemyExpansion.tsx(129,48): error TS2322: Type 'string' is not assignable to type 'never'.
client/src/components/diagrams/WaterMolecularDiagram.tsx(100,29): error TS2322: Type '{ animate: (i: number) => { x: number[]; y: number[]; rotate: number[]; transition: { duration: number; repeat: number; ease: string; }; }; }' is not assignable to type 'Variants'.
  Property 'animate' is incompatible with index signature.
    Type '(i: number) => { x: number[]; y: number[]; rotate: number[]; transition: { duration: number; repeat: number; ease: string; }; }' is not assignable to type 'Variant'.
      Type '(i: number) => { x: number[]; y: number[]; rotate: number[]; transition: { duration: number; repeat: number; ease: string; }; }' is not assignable to type 'TargetResolver'.
        Type '{ x: number[]; y: number[]; rotate: number[]; transition: { duration: number; repeat: number; ease: string; }; }' is not assignable to type 'string | TargetAndTransition'.
          Type '{ x: number[]; y: number[]; rotate: number[]; transition: { duration: number; repeat: number; ease: string; }; }' is not assignable to type 'TargetAndTransition'.
            Type '{ x: number[]; y: number[]; rotate: number[]; transition: { duration: number; repeat: number; ease: string; }; }' is not assignable to type '{ transition?: Transition<any> | undefined; transitionEnd?: ResolvedValues | undefined; }'.
              Types of property 'transition' are incompatible.
                Type '{ duration: number; repeat: number; ease: string; }' is not assignable to type 'Transition<any> | undefined'.
                  Type '{ duration: number; repeat: number; ease: string; }' is not assignable to type 'TransitionWithValueOverrides<any>'.
                    Type '{ duration: number; repeat: number; ease: string; }' is not assignable to type 'ValueAnimationTransition<any>'.
                      Types of property 'ease' are incompatible.
                        Type 'string' is not assignable to type 'Easing | Easing[] | undefined'.
client/src/components/diagrams/WaterMolecularDiagram.tsx(159,29): error TS2322: Type '{ animate: (i: number) => { opacity: number[]; scale: number[]; transition: { duration: number; delay: number; repeat: number; ease: string; }; }; }' is not assignable to type 'Variants'.
  Property 'animate' is incompatible with index signature.
    Type '(i: number) => { opacity: number[]; scale: number[]; transition: { duration: number; delay: number; repeat: number; ease: string; }; }' is not assignable to type 'Variant'.
      Type '(i: number) => { opacity: number[]; scale: number[]; transition: { duration: number; delay: number; repeat: number; ease: string; }; }' is not assignable to type 'TargetResolver'.
        Type '{ opacity: number[]; scale: number[]; transition: { duration: number; delay: number; repeat: number; ease: string; }; }' is not assignable to type 'string | TargetAndTransition'.
          Type '{ opacity: number[]; scale: number[]; transition: { duration: number; delay: number; repeat: number; ease: string; }; }' is not assignable to type 'TargetAndTransition'.
            Type '{ opacity: number[]; scale: number[]; transition: { duration: number; delay: number; repeat: number; ease: string; }; }' is not assignable to type '{ transition?: Transition<any> | undefined; transitionEnd?: ResolvedValues | undefined; }'.
              Types of property 'transition' are incompatible.
                Type '{ duration: number; delay: number; repeat: number; ease: string; }' is not assignable to type 'Transition<any> | undefined'.
                  Type '{ duration: number; delay: number; repeat: number; ease: string; }' is not assignable to type 'TransitionWithValueOverrides<any>'.
                    Type '{ duration: number; delay: number; repeat: number; ease: string; }' is not assignable to type 'ValueAnimationTransition<any>'.
                      Types of property 'ease' are incompatible.
                        Type 'string' is not assignable to type 'Easing | Easing[] | undefined'.
client/src/components/editor/slash-command.tsx(2,24): error TS2307: Cannot find module '@tiptap/suggestion' or its corresponding type declarations.
client/src/components/editor/slash-command.tsx(4,19): error TS2307: Cannot find module 'tippy.js' or its corresponding type declarations.
client/src/components/ui/SmartImage.tsx(108,17): error TS2322: Type 'MotionStyle | undefined' is not assignable to type 'CSSProperties | undefined'.
  Type 'MotionStyle' is not assignable to type 'Properties<string | number, string & {}>'.
    Types of property 'accentColor' are incompatible.
      Type 'MotionValueHelper<AccentColor | undefined>' is not assignable to type 'AccentColor | undefined'.
        Type 'MotionValueNumber' is not assignable to type 'AccentColor | undefined'.
client/src/components/ui/SmartImage.tsx(156,21): error TS2769: No overload matches this call.
  The last overload gave the following error.
    Object literal may only specify known properties, and 'className' does not exist in type 'Partial<unknown> & Attributes'.
client/src/components/ui/ThemeToggle.tsx(10,10): error TS2305: Module '"@/lib/andaraTheme"' has no exported member 'AndaraMode'.
client/src/components/visuals/DilutionTable.tsx(100,47): error TS2322: Type 'string' is not assignable to type 'never'.
client/src/components/visuals/DilutionTable.tsx(100,67): error TS2322: Type 'number' is not assignable to type 'never'.
client/src/components/visuals/HeroGlass.tsx(131,40): error TS2322: Type 'string' is not assignable to type 'never'.
client/src/components/visuals/StackedCard.tsx(86,43): error TS2322: Type 'string' is not assignable to type 'never'.
client/src/components/visuals/svg/AndaraIconRegistry.tsx(113,18): error TS7053: Element implicitly has an 'any' type because expression of type 'IconTopic' can't be used to index type '{ water: Element; energy: Element; mineral: Element; field: Element; default: Element; }'.
  Property 'matrix' does not exist on type '{ water: Element; energy: Element; mineral: Element; field: Element; default: Element; }'.
client/src/components/visuals/TerrainsCycleDiagram.tsx(36,17): error TS2322: Type '{ duration: number; repeat: number; ease: string; }' is not assignable to type 'Transition<any> | undefined'.
  Type '{ duration: number; repeat: number; ease: string; }' is not assignable to type 'TransitionWithValueOverrides<any>'.
    Type '{ duration: number; repeat: number; ease: string; }' is not assignable to type 'ValueAnimationTransition<any>'.
      Types of property 'ease' are incompatible.
        Type 'string' is not assignable to type 'Easing | Easing[] | undefined'.
client/src/components/visuals/TerrainsCycleDiagram.tsx(44,25): error TS2322: Type '{ duration: number; repeat: number; ease: string; }' is not assignable to type 'Transition<any> | undefined'.
  Type '{ duration: number; repeat: number; ease: string; }' is not assignable to type 'TransitionWithValueOverrides<any>'.
    Type '{ duration: number; repeat: number; ease: string; }' is not assignable to type 'ValueAnimationTransition<any>'.
      Types of property 'ease' are incompatible.
        Type 'string' is not assignable to type 'Easing | Easing[] | undefined'.
client/src/components/visuals/TerrainsCycleDiagram.tsx(61,25): error TS2322: Type '{ duration: number; repeat: number; ease: string; }' is not assignable to type 'Transition<any> | undefined'.
  Type '{ duration: number; repeat: number; ease: string; }' is not assignable to type 'TransitionWithValueOverrides<any>'.
    Type '{ duration: number; repeat: number; ease: string; }' is not assignable to type 'ValueAnimationTransition<any>'.
      Types of property 'ease' are incompatible.
        Type 'string' is not assignable to type 'Easing | Easing[] | undefined'.
client/src/components/visuals/TerrainsCycleDiagram.tsx(78,25): error TS2322: Type '{ duration: number; repeat: number; ease: string; }' is not assignable to type 'Transition<any> | undefined'.
  Type '{ duration: number; repeat: number; ease: string; }' is not assignable to type 'TransitionWithValueOverrides<any>'.
    Type '{ duration: number; repeat: number; ease: string; }' is not assignable to type 'ValueAnimationTransition<any>'.
      Types of property 'ease' are incompatible.
        Type 'string' is not assignable to type 'Easing | Easing[] | undefined'.
client/src/data/image-registry.ts(111,67): error TS2820: Type '"/science/water-science-master"' is not assignable to type 'AppRoute'. Did you mean '"/science/water-science"'?
client/src/data/image-registry.ts(121,51): error TS2820: Type '"/science/crystalline-matrix-overview"' is not assignable to type 'AppRoute'. Did you mean '"/science/crystalline-matrix"'?
client/src/data/image-registry.ts(121,91): error TS2322: Type '"/science/light-mineral-field"' is not assignable to type 'AppRoute'.
client/src/data/image-registry.ts(204,18): error TS2322: Type '"/science/liquid-crystal-biology-overview"' is not assignable to type 'AppRoute'.
client/src/data/image-registry.ts(204,62): error TS2820: Type '"/science/spiritual-electricity-ion-intelligence"' is not assignable to type 'AppRoute'. Did you mean '"/spiritual-electricity-ion-intelligence"'?
client/src/data/image-registry.ts(254,51): error TS2820: Type '"/science/water-memory"' is not assignable to type 'AppRoute'. Did you mean '"/science/water/water-memory"'?
client/src/data/image-registry.ts(254,76): error TS2322: Type '"/science/triangular-harmonics"' is not assignable to type 'AppRoute'.
client/src/data/image-registry.ts(456,18): error TS2322: Type '"/science/springs"' is not assignable to type 'AppRoute'.
client/src/data/image-registry.ts(532,18): error TS2322: Type '"/science/light-sound-water"' is not assignable to type 'AppRoute'.
client/src/data/image-registry.ts(532,48): error TS2322: Type '"/science/light-mineral-field"' is not assignable to type 'AppRoute'.
client/src/data/image-registry.ts(542,18): error TS2322: Type '"/science/water-structure"' is not assignable to type 'AppRoute'.
client/src/data/image-registry.ts(565,18): error TS2322: Type '"/science/cell-voltage"' is not assignable to type 'AppRoute'.
client/src/data/image-registry.ts(565,43): error TS2820: Type '"/science/bioelectricity-invisible-voltage"' is not assignable to type 'AppRoute'. Did you mean '"/bioelectricity-invisible-voltage"'?
client/src/data/image-registry.ts(575,18): error TS2322: Type '"/safety-boundaries-legal-use"' is not assignable to type 'AppRoute'.
client/src/data/image-registry.ts(937,18): error TS2820: Type '"/science/voltage-detox-pathways"' is not assignable to type 'AppRoute'. Did you mean '"/voltage-detox-pathways"'?
client/src/data/image-registry.ts(948,18): error TS2820: Type '"/science/proton-gradients-energy-transfer"' is not assignable to type 'AppRoute'. Did you mean '"/proton-gradients-energy-transfer"'?
client/src/data/image-registry.ts(980,18): error TS2820: Type '"/science/magnetics-water"' is not assignable to type 'AppRoute'. Did you mean '"/magnetics-water"'?
client/src/data/image-registry.ts(990,18): error TS2322: Type '"/science/springs"' is not assignable to type 'AppRoute'.
client/src/lib/theme/applyTheme.ts(1,23): error TS2305: Module '"@/lib/andaraTheme"' has no exported member 'AndaraMode'.
client/src/lib/theme/applyTheme.ts(24,35): error TS2339: Property 'modes' does not exist on type '{ readonly colors: { readonly background: { readonly dark: "#020617"; readonly darker: "#050816"; readonly hero: "radial-gradient(circle at 0% 0%, #4b0082 0, #020617 50%), radial-gradient(circle at 100% 100%, #22c55e 0, transparent 45%), radial-gradient(circle at 50% 120%, #38bdf8 0, transparent 55%)"; readonly surf...'.
client/src/lib/theme/applyTheme.ts(32,35): error TS2339: Property 'modes' does not exist on type '{ readonly colors: { readonly background: { readonly dark: "#020617"; readonly darker: "#050816"; readonly hero: "radial-gradient(circle at 0% 0%, #4b0082 0, #020617 50%), radial-gradient(circle at 100% 100%, #22c55e 0, transparent 45%), radial-gradient(circle at 50% 120%, #38bdf8 0, transparent 55%)"; readonly surf...'.
client/src/pages/_archive/about-andara.tsx(58,18): error TS2741: Property 'registryId' is missing in type '{ opacity: number; }' but required in type 'BackgroundLayerProps'.
client/src/pages/_archive/bioelectricity.tsx(220,16): error TS2304: Cannot find name 'Button'.
client/src/pages/_archive/bioelectricity.tsx(222,17): error TS2304: Cannot find name 'Button'.
client/src/pages/_archive/bioelectricity.tsx(225,16): error TS2304: Cannot find name 'Button'.
client/src/pages/_archive/bioelectricity.tsx(227,17): error TS2304: Cannot find name 'Button'.
client/src/pages/_archive/experiments-index.tsx(40,18): error TS2741: Property 'registryId' is missing in type '{ opacity: number; }' but required in type 'BackgroundLayerProps'.
client/src/pages/_archive/experiments-index.tsx(248,18): error TS2741: Property 'registryId' is missing in type '{ opacity: number; }' but required in type 'BackgroundLayerProps'.
client/src/pages/_archive/ion-channels-gradients.tsx(39,18): error TS2741: Property 'registryId' is missing in type '{ opacity: number; }' but required in type 'BackgroundLayerProps'.
client/src/pages/_archive/ion-channels-gradients.tsx(88,34): error TS2741: Property 'registryId' is missing in type '{ alt: string; className: string; interaction: "zoom-hover"; }' but required in type 'SmartImageProps'.
client/src/pages/_archive/ion-channels-gradients.tsx(195,18): error TS2741: Property 'registryId' is missing in type '{ opacity: number; }' but required in type 'BackgroundLayerProps'.
client/src/pages/_archive/lab-measurements.tsx(55,13): error TS2322: Type '"slate"' is not assignable to type '"dark" | "blue" | "cyan" | "gold" | "indigo" | "purple" | "red" | "amber" | "emerald" | undefined'.
client/src/pages/_archive/lab-measurements.tsx(73,22): error TS2741: Property 'registryId' is missing in type '{ opacity: number; }' but required in type 'BackgroundLayerProps'.
client/src/pages/_archive/vortex-technologies.tsx(66,18): error TS2741: Property 'registryId' is missing in type '{ opacity: number; }' but required in type 'BackgroundLayerProps'.
client/src/pages/_archive/vortex-technologies.tsx(105,34): error TS2741: Property 'registryId' is missing in type '{ className: string; }' but required in type 'SmartImageProps'.
client/src/pages/_archive/vortex-technologies.tsx(169,18): error TS2741: Property 'registryId' is missing in type '{ opacity: number; }' but required in type 'BackgroundLayerProps'.
client/src/pages/admin/tabs/BigMindTab.tsx(613,36): error TS2339: Property 'suggestedValue' does not exist on type 'ParsedEnhancement'.
client/src/pages/admin/tabs/BigMindTab.tsx(614,43): error TS2339: Property 'suggestedValue' does not exist on type 'ParsedEnhancement'.
client/src/pages/admin/tabs/BigMindTab.tsx(622,57): error TS2339: Property 'enhancementType' does not exist on type 'ParsedEnhancement'.
client/src/pages/admin/tabs/BigMindTab.tsx(630,33): error TS2339: Property 'suggestedValue' does not exist on type 'ParsedEnhancement'.
client/src/pages/admin/tabs/BigMindTab.tsx(650,34): error TS2339: Property 'enhancementType' does not exist on type 'ParsedEnhancement'.
client/src/pages/admin/tabs/BigMindTab.tsx(652,33): error TS2339: Property 'suggestedValue' does not exist on type 'ParsedEnhancement'.
client/src/pages/admin/tabs/BigMindTab.tsx(693,33): error TS2339: Property 'enhancementType' does not exist on type 'ParsedEnhancement'.
client/src/pages/admin/tabs/BigMindTab.tsx(693,75): error TS2339: Property 'enhancementType' does not exist on type 'ParsedEnhancement'.
client/src/pages/admin/tabs/BigMindTab.tsx(694,34): error TS2339: Property 'enhancementType' does not exist on type 'ParsedEnhancement'.
client/src/pages/admin/tabs/BigMindTab.tsx(708,32): error TS2339: Property 'enhancementType' does not exist on type 'ParsedEnhancement'.
client/src/pages/admin/tabs/BigMindTab.tsx(710,31): error TS2339: Property 'suggestedValue' does not exist on type 'ParsedEnhancement'.
client/src/pages/admin/tabs/BigMindTab.tsx(724,29): error TS2339: Property 'suggestedValue' does not exist on type 'ParsedEnhancement'.
client/src/pages/admin/tabs/BigMindTab.tsx(756,41): error TS2339: Property 'suggestedValue' does not exist on type 'ParsedEnhancement'.
client/src/pages/admin/tabs/BigMindTab.tsx(764,31): error TS2339: Property 'enhancementType' does not exist on type 'ParsedEnhancement'.
client/src/pages/admin/tabs/BigMindTab.tsx(769,32): error TS2339: Property 'enhancementType' does not exist on type 'ParsedEnhancement'.
client/src/pages/admin/tabs/BigMindTab.tsx(771,31): error TS2339: Property 'suggestedValue' does not exist on type 'ParsedEnhancement'.
client/src/pages/admin/tabs/BigMindTab.tsx(780,31): error TS2339: Property 'enhancementType' does not exist on type 'ParsedEnhancement'.
client/src/pages/admin/tabs/BigMindTab.tsx(1839,58): error TS2339: Property 'enhancementType' does not exist on type 'ParsedEnhancement'.
client/src/pages/admin/tabs/BigMindTab.tsx(1866,55): error TS2339: Property 'enhancementType' does not exist on type 'ParsedEnhancement'.
client/src/pages/admin/tabs/BigMindTab.tsx(1866,97): error TS2339: Property 'enhancementType' does not exist on type 'ParsedEnhancement'.
client/src/pages/admin/tabs/BigMindTab.tsx(1870,67): error TS2339: Property 'suggestedValue' does not exist on type 'ParsedEnhancement'.
client/src/pages/admin/tabs/BigMindTab.tsx(1870,107): error TS2339: Property 'suggestedValue' does not exist on type 'ParsedEnhancement'.
client/src/pages/admin/tabs/BigMindTab.tsx(1873,58): error TS2339: Property 'enhancementType' does not exist on type 'ParsedEnhancement'.
client/src/pages/admin/tabs/BigMindTab.tsx(1875,58): error TS2339: Property 'suggestedValue' does not exist on type 'ParsedEnhancement'.
client/src/pages/admin/tabs/BigMindTab.tsx(1875,96): error TS2339: Property 'suggestedValue' does not exist on type 'ParsedEnhancement'.
client/src/pages/admin/tabs/BigMindTab.tsx(1879,58): error TS2339: Property 'suggestedValue' does not exist on type 'ParsedEnhancement'.
client/src/pages/admin/tabs/BigMindTab.tsx(1879,96): error TS2339: Property 'suggestedValue' does not exist on type 'ParsedEnhancement'.
client/src/pages/andara-story.tsx(18,7): error TS2322: Type '{ children: Element; title: string; subtitle: string; vibeKeywords: string[]; seo: { title: string; description: string; keywords: string[]; }; }' is not assignable to type 'IntrinsicAttributes & StandardPageProps'.
  Property 'seo' does not exist on type 'IntrinsicAttributes & StandardPageProps'.
client/src/pages/applications-cooking-tea-coffee.tsx(19,13): error TS2322: Type '{ children: Element; title: string; subtitle: string; vibeKeywords: string[]; seo: { title: string; description: string; keywords: string[]; }; }' is not assignable to type 'IntrinsicAttributes & StandardPageProps'.
  Property 'seo' does not exist on type 'IntrinsicAttributes & StandardPageProps'.
client/src/pages/applications-drinking-water-home.tsx(19,13): error TS2322: Type '{ children: Element; title: string; subtitle: string; vibeKeywords: string[]; seo: { title: string; description: string; keywords: string[]; }; }' is not assignable to type 'IntrinsicAttributes & StandardPageProps'.
  Property 'seo' does not exist on type 'IntrinsicAttributes & StandardPageProps'.
client/src/pages/applications-plant-watering.tsx(19,13): error TS2322: Type '{ children: Element; title: string; subtitle: string; vibeKeywords: string[]; seo: { title: string; description: string; keywords: string[]; }; }' is not assignable to type 'IntrinsicAttributes & StandardPageProps'.
  Property 'seo' does not exist on type 'IntrinsicAttributes & StandardPageProps'.
client/src/pages/applications-shower-bath.tsx(19,13): error TS2322: Type '{ children: Element; title: string; subtitle: string; vibeKeywords: string[]; seo: { title: string; description: string; keywords: string[]; }; }' is not assignable to type 'IntrinsicAttributes & StandardPageProps'.
  Property 'seo' does not exist on type 'IntrinsicAttributes & StandardPageProps'.
client/src/pages/applications-soil-garden.tsx(19,13): error TS2322: Type '{ children: Element; title: string; subtitle: string; vibeKeywords: string[]; seo: { title: string; description: string; keywords: string[]; }; }' is not assignable to type 'IntrinsicAttributes & StandardPageProps'.
  Property 'seo' does not exist on type 'IntrinsicAttributes & StandardPageProps'.
client/src/pages/applications-travel-mobile.tsx(149,34): error TS2304: Cannot find name 'Activity'.
client/src/pages/b2b-reseller.tsx(17,7): error TS2322: Type '{ children: Element; title: string; subtitle: string; vibeKeywords: string[]; seo: { title: string; description: string; keywords: string[]; }; }' is not assignable to type 'IntrinsicAttributes & StandardPageProps'.
  Property 'seo' does not exist on type 'IntrinsicAttributes & StandardPageProps'.
client/src/pages/bioelectric-terrain-model.tsx(119,34): error TS2741: Property 'registryId' is missing in type '{ aspectRatio: string; className: string; interaction: "reveal"; }' but required in type 'SmartImageProps'.
client/src/pages/blog.tsx(10,6): error TS2739: Type '{ children: Element; title: string; subtitle: string; vibeKeywords: string[]; }' is missing the following properties from type 'StandardPageProps': seoTitle, seoDescription
client/src/pages/brain-health.tsx(4,31): error TS2307: Cannot find module '../../lib/motionPresets' or its corresponding type declarations.
client/src/pages/charge-coherence.tsx(17,7): error TS2322: Type '{ children: Element; title: string; subtitle: string; vibeKeywords: string[]; seo: { title: string; description: string; keywords: string[]; }; }' is not assignable to type 'IntrinsicAttributes & StandardPageProps'.
  Property 'seo' does not exist on type 'IntrinsicAttributes & StandardPageProps'.
client/src/pages/community-join.tsx(19,13): error TS2322: Type '{ children: Element; title: string; subtitle: string; vibeKeywords: string[]; seo: { title: string; description: string; keywords: string[]; }; }' is not assignable to type 'IntrinsicAttributes & StandardPageProps'.
  Property 'seo' does not exist on type 'IntrinsicAttributes & StandardPageProps'.
client/src/pages/compare-bundles.tsx(16,7): error TS2322: Type '{ children: Element; title: string; subtitle: string; vibeKeywords: string[]; seo: { title: string; description: string; keywords: string[]; }; }' is not assignable to type 'IntrinsicAttributes & StandardPageProps'.
  Property 'seo' does not exist on type 'IntrinsicAttributes & StandardPageProps'.
client/src/pages/conductivity-signals.tsx(34,18): error TS2741: Property 'registryId' is missing in type '{ opacity: number; }' but required in type 'BackgroundLayerProps'.
client/src/pages/conductivity-signals.tsx(188,18): error TS2741: Property 'registryId' is missing in type '{ opacity: number; }' but required in type 'BackgroundLayerProps'.
client/src/pages/consciousness-fields-water.tsx(141,22): error TS2741: Property 'registryId' is missing in type '{ opacity: number; }' but required in type 'BackgroundLayerProps'.
client/src/pages/consciousness-fields-water.tsx(218,34): error TS2741: Property 'link' is missing in type '{ title: string; subtitle: string; desc: string; color: string; Icon: ForwardRefExoticComponent<Omit<LucideProps, "ref"> & RefAttributes<SVGSVGElement>>; registryId: string; key: number; index: number; total: number; }' but required in type 'StackedCardProps'.
client/src/pages/consciousness-fields-water.tsx(226,22): error TS2741: Property 'registryId' is missing in type '{ opacity: number; }' but required in type 'BackgroundLayerProps'.
client/src/pages/demos/andara-css-showcase.tsx(30,10): error TS2739: Type '{ children: Element[]; }' is missing the following properties from type 'StandardPageProps': title, seoTitle, seoDescription
client/src/pages/demos/bioelectric-concept.tsx(12,13): error TS2322: Type '{ children: Element; heroTitle: string; heroSubtitle: string; heroVariant: "gold"; heroContent: Element; }' is not assignable to type 'IntrinsicAttributes & StandardPageProps'.
  Property 'heroTitle' does not exist on type 'IntrinsicAttributes & StandardPageProps'. Did you mean 'seoTitle'?
client/src/pages/demos/demo-advanced-layout.tsx(57,24): error TS2322: Type '"gold"' is not assignable to type '"default" | "light" | "dark" | undefined'.
client/src/pages/demos/demo-advanced-layout.tsx(86,33): error TS2322: Type '{ keyword: string; className: string; }' is not assignable to type 'IntrinsicAttributes & SmartImageProps'.
  Property 'keyword' does not exist on type 'IntrinsicAttributes & SmartImageProps'.
client/src/pages/demos/demo-advanced-layout.tsx(91,33): error TS2322: Type '{ keyword: string; className: string; }' is not assignable to type 'IntrinsicAttributes & SmartImageProps'.
  Property 'keyword' does not exist on type 'IntrinsicAttributes & SmartImageProps'.
client/src/pages/demos/demo-layout-v3.tsx(39,41): error TS2322: Type '{ keyword: string; className: string; }' is not assignable to type 'IntrinsicAttributes & SmartImageProps'.
  Property 'keyword' does not exist on type 'IntrinsicAttributes & SmartImageProps'.
client/src/pages/demos/demo-layout-v3.tsx(58,32): error TS2322: Type '"gold"' is not assignable to type '"default" | "light" | "dark" | undefined'.
client/src/pages/demos/demo-layout-v4.tsx(37,37): error TS2322: Type '{ keyword: string; className: string; }' is not assignable to type 'IntrinsicAttributes & SmartImageProps'.
  Property 'keyword' does not exist on type 'IntrinsicAttributes & SmartImageProps'.
client/src/pages/demos/demo-layout-v5.tsx(32,33): error TS2322: Type '{ keyword: string; className: string; }' is not assignable to type 'IntrinsicAttributes & SmartImageProps'.
  Property 'keyword' does not exist on type 'IntrinsicAttributes & SmartImageProps'.
client/src/pages/demos/demo-layout-v6.tsx(30,25): error TS2322: Type '"parallax"' is not assignable to type '"none" | "zoom-hover" | "reveal" | undefined'.
client/src/pages/demos/demo-layout-v6.tsx(45,25): error TS2322: Type '"parallax"' is not assignable to type '"none" | "zoom-hover" | "reveal" | undefined'.
client/src/pages/demos/demo-layout-v6.tsx(60,25): error TS2322: Type '"parallax"' is not assignable to type '"none" | "zoom-hover" | "reveal" | undefined'.
client/src/pages/demos/demo-layout-v6.tsx(75,25): error TS2322: Type '"parallax"' is not assignable to type '"none" | "zoom-hover" | "reveal" | undefined'.
client/src/pages/demos/demo-standard-layout.tsx(88,33): error TS2322: Type '{ keyword: string; className: string; }' is not assignable to type 'IntrinsicAttributes & SmartImageProps'.
  Property 'keyword' does not exist on type 'IntrinsicAttributes & SmartImageProps'.
client/src/pages/demos/demo-standard-layout.tsx(93,33): error TS2322: Type '{ keyword: string; className: string; }' is not assignable to type 'IntrinsicAttributes & SmartImageProps'.
  Property 'keyword' does not exist on type 'IntrinsicAttributes & SmartImageProps'.
client/src/pages/demos/icons.tsx(167,85): error TS2322: Type '{ attributeName: string; values: string; duration: string; repeatCount: string; }' is not assignable to type 'SVGProps<SVGElement>'.
  Property 'duration' does not exist on type 'SVGProps<SVGElement>'.
client/src/pages/demos/icons.tsx(375,27): error TS2322: Type '{ children: string; class: string; }' is not assignable to type 'DetailedHTMLProps<HTMLAttributes<HTMLSpanElement>, HTMLSpanElement>'.
  Property 'class' does not exist on type 'DetailedHTMLProps<HTMLAttributes<HTMLSpanElement>, HTMLSpanElement>'. Did you mean 'className'?
client/src/pages/demos/liquid-expansion.tsx(44,10): error TS2739: Type '{ children: Element[]; }' is missing the following properties from type 'StandardPageProps': title, seoTitle, seoDescription
client/src/pages/demos/scroll-effect.tsx(20,32): error TS2322: Type 'RefObject<HTMLDivElement | null>' is not assignable to type 'RefObject<HTMLElement>'.
  Type 'HTMLDivElement | null' is not assignable to type 'HTMLElement'.
    Type 'null' is not assignable to type 'HTMLElement'.
client/src/pages/demos/scroll-effect.tsx(42,37): error TS2322: Type '{ keyword: string; className: string; }' is not assignable to type 'IntrinsicAttributes & SmartImageProps'.
  Property 'keyword' does not exist on type 'IntrinsicAttributes & SmartImageProps'.
client/src/pages/demos/scroll-effect.tsx(83,36): error TS2322: Type '"gold"' is not assignable to type '"default" | "light" | "dark" | undefined'.
client/src/pages/demos/scroll-effect.tsx(98,41): error TS2322: Type '{ keyword: string; className: string; }' is not assignable to type 'IntrinsicAttributes & SmartImageProps'.
  Property 'keyword' does not exist on type 'IntrinsicAttributes & SmartImageProps'.
client/src/pages/events.tsx(10,6): error TS2739: Type '{ children: Element; title: string; subtitle: string; vibeKeywords: string[]; }' is missing the following properties from type 'StandardPageProps': seoTitle, seoDescription
client/src/pages/ez-geometry-map.tsx(17,7): error TS2322: Type '{ children: Element; title: string; subtitle: string; vibeKeywords: string[]; seo: { title: string; description: string; keywords: string[]; }; }' is not assignable to type 'IntrinsicAttributes & StandardPageProps'.
  Property 'seo' does not exist on type 'IntrinsicAttributes & StandardPageProps'.
client/src/pages/ez-water-deep-dive.tsx(34,18): error TS2741: Property 'registryId' is missing in type '{ opacity: number; }' but required in type 'BackgroundLayerProps'.
client/src/pages/ez-water-deep-dive.tsx(41,30): error TS2741: Property 'registryId' is missing in type '{ opacity: number; }' but required in type 'BackgroundLayerProps'.
client/src/pages/ez-water-deep-dive.tsx(61,30): error TS2741: Property 'registryId' is missing in type '{ opacity: number; }' but required in type 'BackgroundLayerProps'.
client/src/pages/ez-water-deep-dive.tsx(81,30): error TS2741: Property 'registryId' is missing in type '{ opacity: number; }' but required in type 'BackgroundLayerProps'.
client/src/pages/ez-water-deep-dive.tsx(101,30): error TS2741: Property 'registryId' is missing in type '{ opacity: number; }' but required in type 'BackgroundLayerProps'.
client/src/pages/ez-water-deep-dive.tsx(129,30): error TS2741: Property 'registryId' is missing in type '{ opacity: number; }' but required in type 'BackgroundLayerProps'.
client/src/pages/ez-water-deep-dive.tsx(169,30): error TS2741: Property 'registryId' is missing in type '{ opacity: number; }' but required in type 'BackgroundLayerProps'.
client/src/pages/ez-water-deep-dive.tsx(209,30): error TS2741: Property 'registryId' is missing in type '{ opacity: number; }' but required in type 'BackgroundLayerProps'.
client/src/pages/ez-water-deep-dive.tsx(251,18): error TS2741: Property 'registryId' is missing in type '{ opacity: number; }' but required in type 'BackgroundLayerProps'.
client/src/pages/faq-philosophy.tsx(16,7): error TS2322: Type '{ children: Element; title: string; subtitle: string; vibeKeywords: string[]; seo: { title: string; description: string; keywords: string[]; }; }' is not assignable to type 'IntrinsicAttributes & StandardPageProps'.
  Property 'seo' does not exist on type 'IntrinsicAttributes & StandardPageProps'.
client/src/pages/faq-safety-quality.tsx(10,6): error TS2739: Type '{ children: Element; title: string; subtitle: string; vibeKeywords: string[]; }' is missing the following properties from type 'StandardPageProps': seoTitle, seoDescription
client/src/pages/from-spring-to-glass.tsx(10,6): error TS2739: Type '{ children: Element; title: string; subtitle: string; vibeKeywords: string[]; }' is missing the following properties from type 'StandardPageProps': seoTitle, seoDescription
client/src/pages/geometric-flow-devices.tsx(17,7): error TS2322: Type '{ children: Element; title: string; subtitle: string; vibeKeywords: string[]; seo: { title: string; description: string; keywords: string[]; }; }' is not assignable to type 'IntrinsicAttributes & StandardPageProps'.
  Property 'seo' does not exist on type 'IntrinsicAttributes & StandardPageProps'.
client/src/pages/geometry-consciousness.tsx(17,7): error TS2322: Type '{ children: Element; title: string; subtitle: string; vibeKeywords: string[]; seo: { title: string; description: string; keywords: string[]; }; }' is not assignable to type 'IntrinsicAttributes & StandardPageProps'.
  Property 'seo' does not exist on type 'IntrinsicAttributes & StandardPageProps'.
client/src/pages/glossary.tsx(10,6): error TS2739: Type '{ children: Element; title: string; subtitle: string; vibeKeywords: string[]; }' is missing the following properties from type 'StandardPageProps': seoTitle, seoDescription
client/src/pages/home.tsx(64,7): error TS2322: Type '"transparent"' is not assignable to type '"dark" | "blue" | "cyan" | "gold" | "indigo" | "purple" | "red" | "amber" | "emerald" | undefined'.
client/src/pages/how-to-choose-dose.tsx(10,6): error TS2739: Type '{ children: Element; title: string; subtitle: string; vibeKeywords: string[]; }' is missing the following properties from type 'StandardPageProps': seoTitle, seoDescription
client/src/pages/how-to-use-andara.tsx(148,18): error TS2741: Property 'registryId' is missing in type '{ opacity: number; }' but required in type 'BackgroundLayerProps'.
client/src/pages/imprint.tsx(44,13): error TS2322: Type '"slate"' is not assignable to type '"dark" | "blue" | "cyan" | "gold" | "indigo" | "purple" | "red" | "amber" | "emerald" | undefined'.
client/src/pages/ion-transport.tsx(17,7): error TS2322: Type '{ children: Element; title: string; subtitle: string; vibeKeywords: string[]; seo: { title: string; description: string; keywords: string[]; }; }' is not assignable to type 'IntrinsicAttributes & StandardPageProps'.
  Property 'seo' does not exist on type 'IntrinsicAttributes & StandardPageProps'.
client/src/pages/ionic-vs-plant-minerals.tsx(10,6): error TS2739: Type '{ children: Element; title: string; subtitle: string; vibeKeywords: string[]; }' is missing the following properties from type 'StandardPageProps': seoTitle, seoDescription
client/src/pages/iron-magnesium-silicates.tsx(97,34): error TS2741: Property 'registryId' is missing in type '{ aspectRatio: string; className: string; interaction: "reveal"; overlay: string; }' but required in type 'SmartImageProps'.
client/src/pages/join.tsx(10,6): error TS2739: Type '{ children: Element; title: string; subtitle: string; vibeKeywords: string[]; }' is missing the following properties from type 'StandardPageProps': seoTitle, seoDescription
client/src/pages/liquid-crystal-memory.tsx(17,7): error TS2322: Type '{ children: Element; title: string; subtitle: string; vibeKeywords: string[]; seo: { title: string; description: string; keywords: string[]; }; }' is not assignable to type 'IntrinsicAttributes & StandardPageProps'.
  Property 'seo' does not exist on type 'IntrinsicAttributes & StandardPageProps'.
client/src/pages/liquid-crystal-resonance.tsx(17,7): error TS2322: Type '{ children: Element; title: string; subtitle: string; vibeKeywords: string[]; seo: { title: string; description: string; keywords: string[]; }; }' is not assignable to type 'IntrinsicAttributes & StandardPageProps'.
  Property 'seo' does not exist on type 'IntrinsicAttributes & StandardPageProps'.
client/src/pages/magnetics-and-water-myths.tsx(112,18): error TS2741: Property 'registryId' is missing in type '{ opacity: number; }' but required in type 'BackgroundLayerProps'.
client/src/pages/magnetics-and-water-myths.tsx(254,18): error TS2741: Property 'registryId' is missing in type '{ opacity: number; }' but required in type 'BackgroundLayerProps'.
client/src/pages/mineral-deficiency-modern-world.tsx(106,13): error TS2322: Type '"slate"' is not assignable to type '"dark" | "blue" | "cyan" | "gold" | "indigo" | "purple" | "red" | "amber" | "emerald" | undefined'.
client/src/pages/mineral-origin.tsx(17,13): error TS2322: Type '{ children: Element; title: string; subtitle: string; vibeKeywords: string[]; seo: { title: string; description: string; keywords: string[]; }; }' is not assignable to type 'IntrinsicAttributes & StandardPageProps'.
  Property 'seo' does not exist on type 'IntrinsicAttributes & StandardPageProps'.
client/src/pages/mineral-roots-microbiome.tsx(10,6): error TS2739: Type '{ children: Element; title: string; subtitle: string; vibeKeywords: string[]; }' is missing the following properties from type 'StandardPageProps': seoTitle, seoDescription
client/src/pages/minerals-in-modern-life.tsx(10,6): error TS2739: Type '{ children: Element; title: string; subtitle: string; vibeKeywords: string[]; }' is missing the following properties from type 'StandardPageProps': seoTitle, seoDescription
client/src/pages/newsletter.tsx(10,6): error TS2739: Type '{ children: Element; title: string; subtitle: string; vibeKeywords: string[]; }' is missing the following properties from type 'StandardPageProps': seoTitle, seoDescription
client/src/pages/overview.tsx(17,13): error TS2322: Type '{ children: Element; title: string; subtitle: string; vibeKeywords: string[]; seo: { title: string; description: string; keywords: string[]; }; }' is not assignable to type 'IntrinsicAttributes & StandardPageProps'.
  Property 'seo' does not exist on type 'IntrinsicAttributes & StandardPageProps'.
client/src/pages/price-per-liter-explainer.tsx(2,36): error TS2307: Cannot find module '@/components/layouts/StandardPageLayout' or its corresponding type declarations.
client/src/pages/privacy.tsx(71,22): error TS2741: Property 'registryId' is missing in type '{ opacity: number; }' but required in type 'BackgroundLayerProps'.
client/src/pages/resources-downloads.tsx(10,6): error TS2739: Type '{ children: Element; title: string; subtitle: string; vibeKeywords: string[]; }' is missing the following properties from type 'StandardPageProps': seoTitle, seoDescription
client/src/pages/shipping-returns.tsx(10,6): error TS2739: Type '{ children: Element; title: string; subtitle: string; vibeKeywords: string[]; }' is missing the following properties from type 'StandardPageProps': seoTitle, seoDescription
client/src/pages/sulfate-structuring-ez.tsx(16,7): error TS2322: Type '{ children: Element; title: string; subtitle: string; vibeKeywords: string[]; seo: { title: string; description: string; keywords: string[]; }; }' is not assignable to type 'IntrinsicAttributes & StandardPageProps'.
  Property 'seo' does not exist on type 'IntrinsicAttributes & StandardPageProps'.
client/src/pages/sulfur-detox-transport.tsx(16,7): error TS2322: Type '{ children: Element; title: string; subtitle: string; vibeKeywords: string[]; seo: { title: string; description: string; keywords: string[]; }; }' is not assignable to type 'IntrinsicAttributes & StandardPageProps'.
  Property 'seo' does not exist on type 'IntrinsicAttributes & StandardPageProps'.
client/src/pages/sulfur-springs-tradition.tsx(16,7): error TS2322: Type '{ children: Element; title: string; subtitle: string; vibeKeywords: string[]; seo: { title: string; description: string; keywords: string[]; }; }' is not assignable to type 'IntrinsicAttributes & StandardPageProps'.
  Property 'seo' does not exist on type 'IntrinsicAttributes & StandardPageProps'.
client/src/pages/support-contact-options.tsx(10,6): error TS2739: Type '{ children: Element; title: string; subtitle: string; vibeKeywords: string[]; }' is missing the following properties from type 'StandardPageProps': seoTitle, seoDescription
client/src/pages/support-resources-downloads.tsx(51,13): error TS2322: Type '{ children: Element; title: string; subtitle: string; vibeKeywords: string[]; seo: { title: string; description: string; keywords: string[]; }; }' is not assignable to type 'IntrinsicAttributes & StandardPageProps'.
  Property 'seo' does not exist on type 'IntrinsicAttributes & StandardPageProps'.
client/src/pages/support-shipping-returns.tsx(23,13): error TS2322: Type '{ children: Element; title: string; subtitle: string; vibeKeywords: string[]; seo: { title: string; description: string; keywords: string[]; }; }' is not assignable to type 'IntrinsicAttributes & StandardPageProps'.
  Property 'seo' does not exist on type 'IntrinsicAttributes & StandardPageProps'.
client/src/pages/terms.tsx(15,7): error TS2322: Type '{ children: Element; title: string; subtitle: string; vibeKeywords: string[]; seo: { title: string; description: string; keywords: string[]; }; }' is not assignable to type 'IntrinsicAttributes & StandardPageProps'.
  Property 'seo' does not exist on type 'IntrinsicAttributes & StandardPageProps'.
client/src/pages/terrain-maps.tsx(10,6): error TS2739: Type '{ children: Element; title: string; subtitle: string; vibeKeywords: string[]; }' is missing the following properties from type 'StandardPageProps': seoTitle, seoDescription
client/src/pages/terrain-model-overview.tsx(17,7): error TS2322: Type '{ children: Element; title: string; subtitle: string; vibeKeywords: string[]; seo: { title: string; description: string; keywords: string[]; }; }' is not assignable to type 'IntrinsicAttributes & StandardPageProps'.
  Property 'seo' does not exist on type 'IntrinsicAttributes & StandardPageProps'.
client/src/pages/terrain-principles-everyday.tsx(16,7): error TS2322: Type '{ children: Element; title: string; subtitle: string; vibeKeywords: string[]; seo: { title: string; description: string; keywords: string[]; }; }' is not assignable to type 'IntrinsicAttributes & StandardPageProps'.
  Property 'seo' does not exist on type 'IntrinsicAttributes & StandardPageProps'.
client/src/pages/terrain-thinking-intro.tsx(10,6): error TS2739: Type '{ children: Element; title: string; subtitle: string; vibeKeywords: string[]; }' is missing the following properties from type 'StandardPageProps': seoTitle, seoDescription
client/src/pages/terrain-vs-symptom-thinking.tsx(16,7): error TS2322: Type '{ children: Element; title: string; subtitle: string; vibeKeywords: string[]; seo: { title: string; description: string; keywords: string[]; }; }' is not assignable to type 'IntrinsicAttributes & StandardPageProps'.
  Property 'seo' does not exist on type 'IntrinsicAttributes & StandardPageProps'.
client/src/pages/terrain-vs-symptom.tsx(18,13): error TS2322: Type '"green"' is not assignable to type '"dark" | "blue" | "cyan" | "gold" | "indigo" | "purple" | "red" | "amber" | "emerald" | undefined'.
client/src/pages/timeline.tsx(14,7): error TS2322: Type '{ children: Element; title: string; subtitle: string; vibeKeywords: string[]; seo: { title: string; description: string; keywords: string[]; }; }' is not assignable to type 'IntrinsicAttributes & StandardPageProps'.
  Property 'seo' does not exist on type 'IntrinsicAttributes & StandardPageProps'.
client/src/pages/trust-certifications.tsx(17,13): error TS2322: Type '{ children: Element; title: string; subtitle: string; vibeKeywords: string[]; seo: { title: string; description: string; keywords: string[]; }; }' is not assignable to type 'IntrinsicAttributes & StandardPageProps'.
  Property 'seo' does not exist on type 'IntrinsicAttributes & StandardPageProps'.
client/src/pages/trust-faq-safety.tsx(23,13): error TS2322: Type '{ children: Element; title: string; subtitle: string; vibeKeywords: string[]; seo: { title: string; description: string; keywords: string[]; }; }' is not assignable to type 'IntrinsicAttributes & StandardPageProps'.
  Property 'seo' does not exist on type 'IntrinsicAttributes & StandardPageProps'.
client/src/pages/trust-glossary.tsx(202,13): error TS2322: Type '{ children: Element; title: string; subtitle: string; vibeKeywords: string[]; seo: { title: string; description: string; keywords: string[]; }; }' is not assignable to type 'IntrinsicAttributes & StandardPageProps'.
  Property 'seo' does not exist on type 'IntrinsicAttributes & StandardPageProps'.
client/src/pages/vision-mission.tsx(17,7): error TS2322: Type '{ children: Element; title: string; subtitle: string; vibeKeywords: string[]; seo: { title: string; description: string; keywords: string[]; }; }' is not assignable to type 'IntrinsicAttributes & StandardPageProps'.
  Property 'seo' does not exist on type 'IntrinsicAttributes & StandardPageProps'.
client/src/pages/why-sulfate-matters.tsx(10,6): error TS2739: Type '{ children: Element; title: string; subtitle: string; vibeKeywords: string[]; }' is missing the following properties from type 'StandardPageProps': seoTitle, seoDescription
client/src/temp_reference/demo-layout-v6_OLD.tsx(30,25): error TS2322: Type '"parallax"' is not assignable to type '"none" | "zoom-hover" | "reveal" | undefined'.
client/src/temp_reference/demo-layout-v6_OLD.tsx(45,25): error TS2322: Type '"parallax"' is not assignable to type '"none" | "zoom-hover" | "reveal" | undefined'.
client/src/temp_reference/demo-layout-v6_OLD.tsx(60,25): error TS2322: Type '"parallax"' is not assignable to type '"none" | "zoom-hover" | "reveal" | undefined'.
client/src/temp_reference/demo-layout-v6_OLD.tsx(75,25): error TS2322: Type '"parallax"' is not assignable to type '"none" | "zoom-hover" | "reveal" | undefined'.
client/src/temp_reference/HomePage_Small_Reconstruction.tsx(30,7): error TS2322: Type '"transparent"' is not assignable to type '"dark" | "blue" | "cyan" | "gold" | "indigo" | "purple" | "red" | "amber" | "emerald" | undefined'.
server/agents/seo.ts(104,9): error TS2783: 'pageId' is specified more than once, so this usage will be overwritten.
server/db/migrations/migrate-pgvector.ts(13,10): error TS2300: Duplicate identifier 'fileURLToPath'.
server/db/migrations/migrate-pgvector.ts(104,10): error TS2300: Duplicate identifier 'fileURLToPath'.
server/routes.ts(1180,11): error TS2304: Cannot find name 'opportunities'.
server/routes.ts(1182,25): error TS2304: Cannot find name 'minRelevance'.
server/routes.ts(1182,49): error TS2304: Cannot find name 'minRelevance'.
server/routes.ts(1183,26): error TS2304: Cannot find name 'maxDifficulty'.
server/routes.ts(1183,51): error TS2304: Cannot find name 'maxDifficulty'.
server/routes.ts(1184,22): error TS2304: Cannot find name 'minVolume'.
server/routes.ts(1184,43): error TS2304: Cannot find name 'minVolume'.
server/routes.ts(1185,18): error TS2304: Cannot find name 'limit'.
server/routes.ts(1185,35): error TS2304: Cannot find name 'limit'.
server/routes/admin/ai-tools.ts(9,48): error TS2307: Cannot find module '../../services/agent-registry' or its corresponding type declarations.
server/routes/admin/glossary.ts(3,10): error TS2305: Module '"@shared/schema"' has no exported member 'glossaryTerms'.
server/routes/seo/index.ts(120,47): error TS2345: Argument of type '{ type: string; input: { pageId: any; topic: any; }; }' is not assignable to parameter of type 'AgentTask'.
  Property 'id' is missing in type '{ type: string; input: { pageId: any; topic: any; }; }' but required in type 'AgentTask'.
server/routes/seo/index.ts(138,47): error TS2345: Argument of type '{ type: string; input: { claim: any; evidenceType: any; }; }' is not assignable to parameter of type 'AgentTask'.
  Property 'id' is missing in type '{ type: string; input: { claim: any; evidenceType: any; }; }' but required in type 'AgentTask'.
server/routes/seo/index.ts(156,47): error TS2345: Argument of type '{ type: string; input: { pageId: any; instructions: any; }; }' is not assignable to parameter of type 'AgentTask'.
  Property 'id' is missing in type '{ type: string; input: { pageId: any; instructions: any; }; }' but required in type 'AgentTask'.
server/routes/seo/index.ts(174,47): error TS2345: Argument of type '{ type: string; input: { pageId: any; }; }' is not assignable to parameter of type 'AgentTask'.
  Property 'id' is missing in type '{ type: string; input: { pageId: any; }; }' but required in type 'AgentTask'.
server/scripts/audit-ez-pages.ts(20,40): error TS18047: 'p.content' is possibly 'null'.
server/scripts/audit-ez-pages.ts(21,33): error TS18047: 'p.content' is possibly 'null'.
server/scripts/audit-shop.ts(28,39): error TS18047: 'p.content' is possibly 'null'.
server/scripts/audit_routes.ts(17,30): error TS2802: Type 'RegExpStringIterator<RegExpExecArray>' can only be iterated through when using the '--downlevelIteration' flag or with a '--target' of 'es2015' or higher.
server/scripts/audit_routes.ts(18,35): error TS2802: Type 'RegExpStringIterator<RegExpExecArray>' can only be iterated through when using the '--downlevelIteration' flag or with a '--target' of 'es2015' or higher.
server/scripts/audit_routes.ts(29,26): error TS2802: Type 'RegExpStringIterator<RegExpExecArray>' can only be iterated through when using the '--downlevelIteration' flag or with a '--target' of 'es2015' or higher.
server/scripts/audit_routes.ts(49,30): error TS2802: Type 'RegExpStringIterator<RegExpExecArray>' can only be iterated through when using the '--downlevelIteration' flag or with a '--target' of 'es2015' or higher.
server/scripts/batch-generate-pages.ts(155,36): error TS2769: No overload matches this call.
  Overload 1 of 2, '(value: { key: string | SQL<unknown> | Placeholder<string, any>; title: string | SQL<unknown> | Placeholder<string, any>; path: string | SQL<unknown> | Placeholder<string, any>; ... 26 more ...; aiChatHistory?: SQL<...> | ... 3 more ... | undefined; }): PgInsertBase<...>', gave the following error.
    Object literal may only specify known properties, and 'lastInternalLinkAudit' does not exist in type '{ key: string | SQL<unknown> | Placeholder<string, any>; title: string | SQL<unknown> | Placeholder<string, any>; path: string | SQL<unknown> | Placeholder<string, any>; ... 26 more ...; aiChatHistory?: SQL<...> | ... 3 more ... | undefined; }'.
  Overload 2 of 2, '(values: { key: string | SQL<unknown> | Placeholder<string, any>; title: string | SQL<unknown> | Placeholder<string, any>; path: string | SQL<unknown> | Placeholder<string, any>; ... 26 more ...; aiChatHistory?: SQL<...> | ... 3 more ... | undefined; }[]): PgInsertBase<...>', gave the following error.
    Object literal may only specify known properties, but 'key' does not exist in type '{ key: string | SQL<unknown> | Placeholder<string, any>; title: string | SQL<unknown> | Placeholder<string, any>; path: string | SQL<unknown> | Placeholder<string, any>; ... 26 more ...; aiChatHistory?: SQL<...> | ... 3 more ... | undefined; }[]'. Did you mean to write 'keys'?
server/scripts/create-magnetics-water.ts(266,28): error TS2769: No overload matches this call.
  Overload 1 of 2, '(value: { key: string | SQL<unknown> | Placeholder<string, any>; title: string | SQL<unknown> | Placeholder<string, any>; path: string | SQL<unknown> | Placeholder<string, any>; ... 26 more ...; aiChatHistory?: SQL<...> | ... 3 more ... | undefined; }): PgInsertBase<...>', gave the following error.
    Object literal may only specify known properties, and 'zone' does not exist in type '{ key: string | SQL<unknown> | Placeholder<string, any>; title: string | SQL<unknown> | Placeholder<string, any>; path: string | SQL<unknown> | Placeholder<string, any>; ... 26 more ...; aiChatHistory?: SQL<...> | ... 3 more ... | undefined; }'.
  Overload 2 of 2, '(values: { key: string | SQL<unknown> | Placeholder<string, any>; title: string | SQL<unknown> | Placeholder<string, any>; path: string | SQL<unknown> | Placeholder<string, any>; ... 26 more ...; aiChatHistory?: SQL<...> | ... 3 more ... | undefined; }[]): PgInsertBase<...>', gave the following error.
    Object literal may only specify known properties, and 'id' does not exist in type '{ key: string | SQL<unknown> | Placeholder<string, any>; title: string | SQL<unknown> | Placeholder<string, any>; path: string | SQL<unknown> | Placeholder<string, any>; ... 26 more ...; aiChatHistory?: SQL<...> | ... 3 more ... | undefined; }[]'.
server/scripts/create-pillars-page.ts(245,28): error TS2769: No overload matches this call.
  Overload 1 of 2, '(value: { key: string | SQL<unknown> | Placeholder<string, any>; title: string | SQL<unknown> | Placeholder<string, any>; path: string | SQL<unknown> | Placeholder<string, any>; ... 26 more ...; aiChatHistory?: SQL<...> | ... 3 more ... | undefined; }): PgInsertBase<...>', gave the following error.
    Object literal may only specify known properties, and 'zone' does not exist in type '{ key: string | SQL<unknown> | Placeholder<string, any>; title: string | SQL<unknown> | Placeholder<string, any>; path: string | SQL<unknown> | Placeholder<string, any>; ... 26 more ...; aiChatHistory?: SQL<...> | ... 3 more ... | undefined; }'.
  Overload 2 of 2, '(values: { key: string | SQL<unknown> | Placeholder<string, any>; title: string | SQL<unknown> | Placeholder<string, any>; path: string | SQL<unknown> | Placeholder<string, any>; ... 26 more ...; aiChatHistory?: SQL<...> | ... 3 more ... | undefined; }[]): PgInsertBase<...>', gave the following error.
    Object literal may only specify known properties, and 'id' does not exist in type '{ key: string | SQL<unknown> | Placeholder<string, any>; title: string | SQL<unknown> | Placeholder<string, any>; path: string | SQL<unknown> | Placeholder<string, any>; ... 26 more ...; aiChatHistory?: SQL<...> | ... 3 more ... | undefined; }[]'.
server/scripts/create-science-library.ts(304,26): error TS2769: No overload matches this call.
  Overload 1 of 2, '(value: { key: string | SQL<unknown> | Placeholder<string, any>; title: string | SQL<unknown> | Placeholder<string, any>; path: string | SQL<unknown> | Placeholder<string, any>; ... 26 more ...; aiChatHistory?: SQL<...> | ... 3 more ... | undefined; }): PgInsertBase<...>', gave the following error.
    Object literal may only specify known properties, and 'zone' does not exist in type '{ key: string | SQL<unknown> | Placeholder<string, any>; title: string | SQL<unknown> | Placeholder<string, any>; path: string | SQL<unknown> | Placeholder<string, any>; ... 26 more ...; aiChatHistory?: SQL<...> | ... 3 more ... | undefined; }'.
  Overload 2 of 2, '(values: { key: string | SQL<unknown> | Placeholder<string, any>; title: string | SQL<unknown> | Placeholder<string, any>; path: string | SQL<unknown> | Placeholder<string, any>; ... 26 more ...; aiChatHistory?: SQL<...> | ... 3 more ... | undefined; }[]): PgInsertBase<...>', gave the following error.
    Object literal may only specify known properties, and 'id' does not exist in type '{ key: string | SQL<unknown> | Placeholder<string, any>; title: string | SQL<unknown> | Placeholder<string, any>; path: string | SQL<unknown> | Placeholder<string, any>; ... 26 more ...; aiChatHistory?: SQL<...> | ... 3 more ... | undefined; }[]'.
server/scripts/create-start-here.ts(267,28): error TS2769: No overload matches this call.
  Overload 1 of 2, '(value: { key: string | SQL<unknown> | Placeholder<string, any>; title: string | SQL<unknown> | Placeholder<string, any>; path: string | SQL<unknown> | Placeholder<string, any>; ... 26 more ...; aiChatHistory?: SQL<...> | ... 3 more ... | undefined; }): PgInsertBase<...>', gave the following error.
    Object literal may only specify known properties, and 'zone' does not exist in type '{ key: string | SQL<unknown> | Placeholder<string, any>; title: string | SQL<unknown> | Placeholder<string, any>; path: string | SQL<unknown> | Placeholder<string, any>; ... 26 more ...; aiChatHistory?: SQL<...> | ... 3 more ... | undefined; }'.
  Overload 2 of 2, '(values: { key: string | SQL<unknown> | Placeholder<string, any>; title: string | SQL<unknown> | Placeholder<string, any>; path: string | SQL<unknown> | Placeholder<string, any>; ... 26 more ...; aiChatHistory?: SQL<...> | ... 3 more ... | undefined; }[]): PgInsertBase<...>', gave the following error.
    Object literal may only specify known properties, and 'id' does not exist in type '{ key: string | SQL<unknown> | Placeholder<string, any>; title: string | SQL<unknown> | Placeholder<string, any>; path: string | SQL<unknown> | Placeholder<string, any>; ... 26 more ...; aiChatHistory?: SQL<...> | ... 3 more ... | undefined; }[]'.
server/scripts/create-structured-water-ez.ts(289,27): error TS2769: No overload matches this call.
  Overload 1 of 2, '(value: { key: string | SQL<unknown> | Placeholder<string, any>; title: string | SQL<unknown> | Placeholder<string, any>; path: string | SQL<unknown> | Placeholder<string, any>; ... 26 more ...; aiChatHistory?: SQL<...> | ... 3 more ... | undefined; }): PgInsertBase<...>', gave the following error.
    Object literal may only specify known properties, and 'zone' does not exist in type '{ key: string | SQL<unknown> | Placeholder<string, any>; title: string | SQL<unknown> | Placeholder<string, any>; path: string | SQL<unknown> | Placeholder<string, any>; ... 26 more ...; aiChatHistory?: SQL<...> | ... 3 more ... | undefined; }'.
  Overload 2 of 2, '(values: { key: string | SQL<unknown> | Placeholder<string, any>; title: string | SQL<unknown> | Placeholder<string, any>; path: string | SQL<unknown> | Placeholder<string, any>; ... 26 more ...; aiChatHistory?: SQL<...> | ... 3 more ... | undefined; }[]): PgInsertBase<...>', gave the following error.
    Object literal may only specify known properties, and 'id' does not exist in type '{ key: string | SQL<unknown> | Placeholder<string, any>; title: string | SQL<unknown> | Placeholder<string, any>; path: string | SQL<unknown> | Placeholder<string, any>; ... 26 more ...; aiChatHistory?: SQL<...> | ... 3 more ... | undefined; }[]'.
server/scripts/create-water-phases.ts(233,27): error TS2769: No overload matches this call.
  Overload 1 of 2, '(value: { key: string | SQL<unknown> | Placeholder<string, any>; title: string | SQL<unknown> | Placeholder<string, any>; path: string | SQL<unknown> | Placeholder<string, any>; ... 26 more ...; aiChatHistory?: SQL<...> | ... 3 more ... | undefined; }): PgInsertBase<...>', gave the following error.
    Object literal may only specify known properties, and 'zone' does not exist in type '{ key: string | SQL<unknown> | Placeholder<string, any>; title: string | SQL<unknown> | Placeholder<string, any>; path: string | SQL<unknown> | Placeholder<string, any>; ... 26 more ...; aiChatHistory?: SQL<...> | ... 3 more ... | undefined; }'.
  Overload 2 of 2, '(values: { key: string | SQL<unknown> | Placeholder<string, any>; title: string | SQL<unknown> | Placeholder<string, any>; path: string | SQL<unknown> | Placeholder<string, any>; ... 26 more ...; aiChatHistory?: SQL<...> | ... 3 more ... | undefined; }[]): PgInsertBase<...>', gave the following error.
    Object literal may only specify known properties, and 'id' does not exist in type '{ key: string | SQL<unknown> | Placeholder<string, any>; title: string | SQL<unknown> | Placeholder<string, any>; path: string | SQL<unknown> | Placeholder<string, any>; ... 26 more ...; aiChatHistory?: SQL<...> | ... 3 more ... | undefined; }[]'.
server/scripts/gap-analysis.ts(92,57): error TS2802: Type 'MapIterator<[string, string]>' can only be iterated through when using the '--downlevelIteration' flag or with a '--target' of 'es2015' or higher.
server/scripts/generate-sitemap-list.ts(53,25): error TS2802: Type 'RegExpStringIterator<RegExpExecArray>' can only be iterated through when using the '--downlevelIteration' flag or with a '--target' of 'es2015' or higher.
server/scripts/generate-sitemap-list.ts(61,25): error TS2802: Type 'RegExpStringIterator<RegExpExecArray>' can only be iterated through when using the '--downlevelIteration' flag or with a '--target' of 'es2015' or higher.
server/scripts/generate-sitemap-list.ts(67,46): error TS2802: Type 'MapIterator<[string, string]>' can only be iterated through when using the '--downlevelIteration' flag or with a '--target' of 'es2015' or higher.
server/scripts/hydrate-designed-pages.ts(374,36): error TS2769: No overload matches this call.
  Overload 1 of 2, '(value: { key: string | SQL<unknown> | Placeholder<string, any>; title: string | SQL<unknown> | Placeholder<string, any>; path: string | SQL<unknown> | Placeholder<string, any>; ... 26 more ...; aiChatHistory?: SQL<...> | ... 3 more ... | undefined; }): PgInsertBase<...>', gave the following error.
    Object literal may only specify known properties, and 'zone' does not exist in type '{ key: string | SQL<unknown> | Placeholder<string, any>; title: string | SQL<unknown> | Placeholder<string, any>; path: string | SQL<unknown> | Placeholder<string, any>; ... 26 more ...; aiChatHistory?: SQL<...> | ... 3 more ... | undefined; }'.
  Overload 2 of 2, '(values: { key: string | SQL<unknown> | Placeholder<string, any>; title: string | SQL<unknown> | Placeholder<string, any>; path: string | SQL<unknown> | Placeholder<string, any>; ... 26 more ...; aiChatHistory?: SQL<...> | ... 3 more ... | undefined; }[]): PgInsertBase<...>', gave the following error.
    Object literal may only specify known properties, and 'id' does not exist in type '{ key: string | SQL<unknown> | Placeholder<string, any>; title: string | SQL<unknown> | Placeholder<string, any>; path: string | SQL<unknown> | Placeholder<string, any>; ... 26 more ...; aiChatHistory?: SQL<...> | ... 3 more ... | undefined; }[]'.
server/scripts/map-content.ts(51,11): error TS7034: Variable 'targets' implicitly has type 'any[]' in some locations where its type cannot be determined.
server/scripts/map-content.ts(65,38): error TS7005: Variable 'targets' implicitly has an 'any[]' type.
server/scripts/map-content.ts(69,26): error TS7005: Variable 'targets' implicitly has an 'any[]' type.
server/scripts/map-content.ts(89,26): error TS7005: Variable 'targets' implicitly has an 'any[]' type.
server/scripts/teach-rag.ts(49,64): error TS2339: Property 'chunkCount' does not exist on type 'IndexResult'.
server/scripts/test-ai-connection.ts(35,71): error TS2551: Property 'response' does not exist on type 'GenerateContentResponse'. Did you mean 'responseId'?
server/scripts/verify-science-content.ts(12,13): error TS18047: 'page.content' is possibly 'null'.
server/scripts/verify-science-content.ts(12,61): error TS18047: 'page.content' is possibly 'null'.
server/scripts/verify-science-content.ts(16,37): error TS18047: 'page.content' is possibly 'null'.
server/scripts/verify-start-here.ts(12,13): error TS18047: 'page.content' is possibly 'null'.
server/scripts/verify-start-here.ts(12,53): error TS18047: 'page.content' is possibly 'null'.
server/services/asset-intelligence.ts(31,9): error TS2322: Type '{ metadata: { aspectRatio?: string | undefined; style?: string | undefined; sourceMessage?: string | undefined; width?: number | undefined; height?: number | undefined; } | null; ... 10 more ...; generatorModel: string | null; } | undefined' is not assignable to type '{ metadata: { aspectRatio?: string | undefined; style?: string | undefined; sourceMessage?: string | undefined; width?: number | undefined; height?: number | undefined; } | null; ... 10 more ...; generatorModel: string | null; } | null'.
  Type 'undefined' is not assignable to type '{ metadata: { aspectRatio?: string | undefined; style?: string | undefined; sourceMessage?: string | undefined; width?: number | undefined; height?: number | undefined; } | null; ... 10 more ...; generatorModel: string | null; } | null'.
server/services/bigmind-cms.ts(2034,15): error TS2353: Object literal may only specify known properties, and 'variantName' does not exist in type '{ [x: number]: number; pageId: any; title: string; isOriginal: boolean; conversionRate: string; }'.
server/services/bigmind-cms.ts(2658,9): error TS2353: Object literal may only specify known properties, and 'tools' does not exist in type 'GenerateContentParameters'.
server/services/bigmind-cms.ts(2957,9): error TS2322: Type 'string | null' is not assignable to type 'string'.
  Type 'null' is not assignable to type 'string'.
server/services/connectivity.ts(124,13): error TS2322: Type '{ id: string; label: string; group: string; status: string; }[]' is not assignable to type '{ id: string; label: string; group: string; status: string; orphan: boolean; }[]'.
  Property 'orphan' is missing in type '{ id: string; label: string; group: string; status: string; }' but required in type '{ id: string; label: string; group: string; status: string; orphan: boolean; }'.
server/services/content-analyzer.service.ts(54,62): error TS2339: Property 'componentBlocks' does not exist on type '{ id: string; key: string; title: string; path: string; pageType: string; template: string; clusterKey: string | null; parentKey: string | null; priority: number; summary: string | null; content: string | null; ... 18 more ...; updatedAt: Date; }'.
server/services/content-analyzer.service.ts(55,66): error TS2339: Property 'componentBlocks' does not exist on type '{ id: string; key: string; title: string; path: string; pageType: string; template: string; clusterKey: string | null; parentKey: string | null; priority: number; summary: string | null; content: string | null; ... 18 more ...; updatedAt: Date; }'.
server/services/content-analyzer.service.ts(57,30): error TS2339: Property 'schemaType' does not exist on type '{ id: string; key: string; title: string; path: string; pageType: string; template: string; clusterKey: string | null; parentKey: string | null; priority: number; summary: string | null; content: string | null; ... 18 more ...; updatedAt: Date; }'.
server/services/document-processor.ts(31,41): error TS2339: Property 'default' does not exist on type 'typeof import("/Users/atti/Documents/localhost-AI-CMS/andara-ionic-cms/node_modules/pdf-parse/dist/pdf-parse/esm/index")'.
server/services/document-scanner.ts(79,47): error TS2339: Property 'select' does not exist on type 'Pool'.
server/services/document-scanner.ts(79,91): error TS2339: Property 'source' does not exist on type 'PgTableWithColumns<{ name: "documents"; schema: undefined; columns: { id: PgColumn<{ name: "id"; tableName: "documents"; dataType: "string"; columnType: "PgVarchar"; data: string; driverParam: string; notNull: true; hasDefault: true; ... 6 more ...; generated: undefined; }, {}, { ...; }>; ... 14 more ...; updatedAt:...'.
server/services/document-scanner.ts(101,25): error TS2322: Type '"content" | "system"' is not assignable to type 'ContentZone | undefined'.
  Type '"content"' is not assignable to type 'ContentZone | undefined'.
server/services/loaders/xlsx-loader.ts(3,23): error TS2307: Cannot find module 'xlsx' or its corresponding type declarations.
server/services/loaders/xlsx-loader.ts(13,41): error TS7006: Parameter 'sheetName' implicitly has an 'any' type.
server/services/page-workflow.ts(4,10): error TS2305: Module '"@shared/schema"' has no exported member 'WorkflowStep'.
server/services/page-workflow.ts(4,24): error TS2305: Module '"@shared/schema"' has no exported member 'WorkflowExecution'.
server/services/scheduled-enrichment.ts(147,48): error TS2345: Argument of type 'Partial<{ key: string; title: string; path: string; summary?: string | null | undefined; template?: string | undefined; metadata?: { [x: string]: [any, ...any[]]; } | null | undefined; icon?: string | null | undefined; ... 19 more ...; aiChatHistory?: { ...; } | ... 1 more ... | undefined; }>' is not assignable to parameter of type '{ key?: string | SQL<unknown> | PgColumn<ColumnBaseConfig<ColumnDataType, string>, {}, {}> | undefined; title?: string | SQL<unknown> | PgColumn<...> | undefined; ... 27 more ...; aiChatHistory?: SQL<...> | ... 3 more ... | undefined; }'.
  Types of property 'visualConfig' are incompatible.
    Type '{ priority?: unknown; motionPreset?: unknown; vibeKeywords?: unknown; emotionalTone?: unknown; animationIdeas?: unknown; aiImagePrompt?: unknown; cluster?: unknown; pageId?: unknown; designerNotes?: unknown; updatedAt?: unknown; aiVideoPrompt?: unknown; entranceMotion?: unknown; hoverMotion?: unknown; ambientMotion?...' is not assignable to type 'SQL<unknown> | PgColumn<ColumnBaseConfig<ColumnDataType, string>, {}, {}> | VisualConfig | null | undefined'.
      Type '{ priority?: unknown; motionPreset?: unknown; vibeKeywords?: unknown; emotionalTone?: unknown; animationIdeas?: unknown; aiImagePrompt?: unknown; cluster?: unknown; pageId?: unknown; designerNotes?: unknown; updatedAt?: unknown; aiVideoPrompt?: unknown; entranceMotion?: unknown; hoverMotion?: unknown; ambientMotion?...' is not assignable to type 'SQL<unknown> | PgColumn<ColumnBaseConfig<ColumnDataType, string>, {}, {}> | VisualConfig | null | undefined'.
        Type '{ priority?: unknown; motionPreset?: unknown; vibeKeywords?: unknown; emotionalTone?: unknown; animationIdeas?: unknown; aiImagePrompt?: unknown; cluster?: unknown; pageId?: unknown; designerNotes?: unknown; updatedAt?: unknown; aiVideoPrompt?: unknown; entranceMotion?: unknown; hoverMotion?: unknown; ambientMotion?...' is not assignable to type 'VisualConfig'.
          Types of property 'pageId' are incompatible.
            Type 'unknown' is not assignable to type 'string | undefined'.
server/services/scoring-engine.service.ts(52,9): error TS2345: Argument of type 'number | null' is not assignable to parameter of type 'number'.
  Type 'null' is not assignable to type 'number'.
server/services/scoring-engine.service.ts(53,14): error TS2339: Property 'refreshIntervalDays' does not exist on type '{ id: string; key: string; title: string; path: string; pageType: string; template: string; clusterKey: string | null; parentKey: string | null; priority: number; summary: string | null; content: string | null; ... 18 more ...; updatedAt: Date; }'.
server/services/scoring-engine.service.ts(213,46): error TS2339: Property 'refreshIntervalDays' does not exist on type '{ id: string; key: string; title: string; path: string; pageType: string; template: string; clusterKey: string | null; parentKey: string | null; priority: number; summary: string | null; content: string | null; ... 18 more ...; updatedAt: Date; }'.
server/services/scoring-engine.service.ts(220,32): error TS2339: Property 'componentBlocks' does not exist on type '{ id: string; key: string; title: string; path: string; pageType: string; template: string; clusterKey: string | null; parentKey: string | null; priority: number; summary: string | null; content: string | null; ... 18 more ...; updatedAt: Date; }'.
server/services/scoring-engine.service.ts(221,34): error TS2339: Property 'componentBlocks' does not exist on type '{ id: string; key: string; title: string; path: string; pageType: string; template: string; clusterKey: string | null; parentKey: string | null; priority: number; summary: string | null; content: string | null; ... 18 more ...; updatedAt: Date; }'.
server/services/scoring-engine.service.ts(222,31): error TS2339: Property 'schemaType' does not exist on type '{ id: string; key: string; title: string; path: string; pageType: string; template: string; clusterKey: string | null; parentKey: string | null; priority: number; summary: string | null; content: string | null; ... 18 more ...; updatedAt: Date; }'.
